EstudianteLIS@lis-ThinkCentre-M720s:~$ node --version
v18.17.1
EstudianteLIS@lis-ThinkCentre-M720s:~$ node -version
node: bad option: -version
EstudianteLIS@lis-ThinkCentre-M720s:~$ pwd
/home/EstudianteLIS
EstudianteLIS@lis-ThinkCentre-M720s:~$ git --version
git version 2.41.0
EstudianteLIS@lis-ThinkCentre-M720s:~$ ls
Desktop    Downloads  Pictures        Public  Templates
Documents  Music      pseint.desktop  snap    Videos
EstudianteLIS@lis-ThinkCentre-M720s:~$ cd Documents/
EstudianteLIS@lis-ThinkCentre-M720s:~/Documents$ pwd
/home/EstudianteLIS/Documents
EstudianteLIS@lis-ThinkCentre-M720s:~/Documents$ mkdir proyecto-git
EstudianteLIS@lis-ThinkCentre-M720s:~/Documents$ ls
proyecto-git
EstudianteLIS@lis-ThinkCentre-M720s:~/Documents$ cd proyecto-git/
EstudianteLIS@lis-ThinkCentre-M720s:~/Documents/proyecto-git$ git init
hint: Using 'master' as the name for the initial branch. This default branch name
hint: is subject to change. To configure the initial branch name to use in all
hint: of your new repositories, which will suppress this warning, call:
hint: 
hint: 	git config --global init.defaultBranch <name>
hint: 
hint: Names commonly chosen instead of 'master' are 'main', 'trunk' and
hint: 'development'. The just-created branch can be renamed via this command:
hint: 
hint: 	git branch -m <name>
Initialized empty Git repository in /home/EstudianteLIS/Documents/proyecto-git/.git/
EstudianteLIS@lis-ThinkCentre-M720s:~/Documents/proyecto-git$ ls -alt
total 12
drwxrwxr-x 7 EstudianteLIS EstudianteLIS 4096 sep  8 14:26 .git
drwxrwxr-x 3 EstudianteLIS EstudianteLIS 4096 sep  8 14:26 .
drwxr-xr-x 3 EstudianteLIS EstudianteLIS 4096 sep  8 14:25 ..
EstudianteLIS@lis-ThinkCentre-M720s:~/Documents/proyecto-git$ 
EstudianteLIS@lis-ThinkCentre-M720s:~/Documents/proyecto-git$ ls -al
total 16
drwxrwxr-x 3 EstudianteLIS EstudianteLIS 4096 sep  8 14:30 .
drwxr-xr-x 3 EstudianteLIS EstudianteLIS 4096 sep  8 14:25 ..
-rw-rw-r-- 1 EstudianteLIS EstudianteLIS  205 sep  8 14:30 dojo-git.html
drwxrwxr-x 7 EstudianteLIS EstudianteLIS 4096 sep  8 14:26 .git
EstudianteLIS@lis-ThinkCentre-M720s:~/Documents/proyecto-git$ code
EstudianteLIS@lis-ThinkCentre-M720s:~/Documents/proyecto-git$ code .
EstudianteLIS@lis-ThinkCentre-M720s:~/Documents/proyecto-git$ git status
On branch master

No commits yet

Untracked files:
  (use "git add <file>..." to include in what will be committed)
	dojo-git.html
	readme.md

nothing added to commit but untracked files present (use "git add" to track)
EstudianteLIS@lis-ThinkCentre-M720s:~/Documents/proyecto-git$ git add dojo-git.html 
EstudianteLIS@lis-ThinkCentre-M720s:~/Documents/proyecto-git$ git add .
EstudianteLIS@lis-ThinkCentre-M720s:~/Documents/proyecto-git$ git status
On branch master

No commits yet

Changes to be committed:
  (use "git rm --cached <file>..." to unstage)
	new file:   dojo-git.html
	new file:   readme.md

EstudianteLIS@lis-ThinkCentre-M720s:~/Documents/proyecto-git$ git status
On branch master

No commits yet

Changes to be committed:
  (use "git rm --cached <file>..." to unstage)
	new file:   readme.md

Untracked files:
  (use "git add <file>..." to include in what will be committed)
	dojo-git.html

EstudianteLIS@lis-ThinkCentre-M720s:~/Documents/proyecto-git$ git add readme.md 
EstudianteLIS@lis-ThinkCentre-M720s:~/Documents/proyecto-git$ git status
On branch master

No commits yet

Changes to be committed:
  (use "git rm --cached <file>..." to unstage)
	new file:   readme.md

Untracked files:
  (use "git add <file>..." to include in what will be committed)
	dojo-git.html

EstudianteLIS@lis-ThinkCentre-M720s:~/Documents/proyecto-git$ git commit -m "creation of readme"
Author identity unknown

*** Please tell me who you are.

Run

  git config --global user.email "you@example.com"
  git config --global user.name "Your Name"

to set your account's default identity.
Omit --global to set the identity only in this repository.

fatal: unable to auto-detect email address (got 'EstudianteLIS@lis-ThinkCentre-M720s.(none)')
EstudianteLIS@lis-ThinkCentre-M720s:~/Documents/proyecto-git$ git config --global user.email "thomas@xd"
EstudianteLIS@lis-ThinkCentre-M720s:~/Documents/proyecto-git$ git config --global user.name "tcc"
EstudianteLIS@lis-ThinkCentre-M720s:~/Documents/proyecto-git$ git commit -m "creation of readme"
[master (root-commit) d32b985] creation of readme
 1 file changed, 9 insertions(+)
 create mode 100644 readme.md
EstudianteLIS@lis-ThinkCentre-M720s:~/Documents/proyecto-git$ git status
On branch master
Untracked files:
  (use "git add <file>..." to include in what will be committed)
	dojo-git.html

nothing added to commit but untracked files present (use "git add" to track)
EstudianteLIS@lis-ThinkCentre-M720s:~/Documents/proyecto-git$ git push
fatal: No configured push destination.
Either specify the URL from the command-line or configure a remote repository using

    git remote add <name> <url>

and then push using the remote name

    git push <name>

EstudianteLIS@lis-ThinkCentre-M720s:~/Documents/proyecto-git$ git status
On branch master
Changes not staged for commit:
  (use "git add/rm <file>..." to update what will be committed)
  (use "git restore <file>..." to discard changes in working directory)
	deleted:    readme.md

Untracked files:
  (use "git add <file>..." to include in what will be committed)
	README.md
	dojo-git.html

no changes added to commit (use "git add" and/or "git commit -a")
EstudianteLIS@lis-ThinkCentre-M720s:~/Documents/proyecto-git$ git add rm read.me
fatal: pathspec 'rm' did not match any files
EstudianteLIS@lis-ThinkCentre-M720s:~/Documents/proyecto-git$ git add readme.md
EstudianteLIS@lis-ThinkCentre-M720s:~/Documents/proyecto-git$ git status
On branch master
Changes to be committed:
  (use "git restore --staged <file>..." to unstage)
	deleted:    readme.md

Untracked files:
  (use "git add <file>..." to include in what will be committed)
	README.md
	dojo-git.html

EstudianteLIS@lis-ThinkCentre-M720s:~/Documents/proyecto-git$ git add README.md 
EstudianteLIS@lis-ThinkCentre-M720s:~/Documents/proyecto-git$ git status
On branch master
Changes to be committed:
  (use "git restore --staged <file>..." to unstage)
	renamed:    readme.md -> README.md

Untracked files:
  (use "git add <file>..." to include in what will be committed)
	dojo-git.html

EstudianteLIS@lis-ThinkCentre-M720s:~/Documents/proyecto-git$ git commit -m "change the name of README file"
[master dc2b47d] change the name of README file
 1 file changed, 0 insertions(+), 0 deletions(-)
 rename readme.md => README.md (100%)
EstudianteLIS@lis-ThinkCentre-M720s:~/Documents/proyecto-git$ git branch -M main
EstudianteLIS@lis-ThinkCentre-M720s:~/Documents/proyecto-git$ git status
On branch main
Changes not staged for commit:
  (use "git add <file>..." to update what will be committed)
  (use "git restore <file>..." to discard changes in working directory)
	modified:   README.md

Untracked files:
  (use "git add <file>..." to include in what will be committed)
	dojo-git.html

no changes added to commit (use "git add" and/or "git commit -a")
EstudianteLIS@lis-ThinkCentre-M720s:~/Documents/proyecto-git$ git remote add origin https://github.com/Thomascc123/git-dojo-udea.git
EstudianteLIS@lis-ThinkCentre-M720s:~/Documents/proyecto-git$ git remote -v
origin	https://github.com/Thomascc123/git-dojo-udea.git (fetch)
origin	https://github.com/Thomascc123/git-dojo-udea.git (push)
EstudianteLIS@lis-ThinkCentre-M720s:~/Documents/proyecto-git$ git push
fatal: The current branch main has no upstream branch.
To push the current branch and set the remote as upstream, use

    git push --set-upstream origin main

To have this happen automatically for branches without a tracking
upstream, see 'push.autoSetupRemote' in 'git help config'.

EstudianteLIS@lis-ThinkCentre-M720s:~/Documents/proyecto-git$ git push origin main
Username for 'https://github.com': Thomascc123
Password for 'https://Thomascc123@github.com': 
remote: Support for password authentication was removed on August 13, 2021.
remote: Please see https://docs.github.com/en/get-started/getting-started-with-git/about-remote-repositories#cloning-with-https-urls for information on currently recommended modes of authentication.
fatal: Authentication failed for 'https://github.com/Thomascc123/git-dojo-udea.git/'
EstudianteLIS@lis-ThinkCentre-M720s:~/Documents/proyecto-git$ git push origin main
Username for 'https://github.com': Thomascc123
Password for 'https://Thomascc123@github.com': 
remote: Support for password authentication was removed on August 13, 2021.
remote: Please see https://docs.github.com/en/get-started/getting-started-with-git/about-remote-repositories#cloning-with-https-urls for information on currently recommended modes of authentication.
fatal: Authentication failed for 'https://github.com/Thomascc123/git-dojo-udea.git/'
EstudianteLIS@lis-ThinkCentre-M720s:~/Documents/proyecto-git$ git push origin main
Username for 'https://github.com': Thomascc123     
Password for 'https://Thomascc123@github.com': 
remote: Support for password authentication was removed on August 13, 2021.
remote: Please see https://docs.github.com/en/get-started/getting-started-with-git/about-remote-repositories#cloning-with-https-urls for information on currently recommended modes of authentication.
fatal: Authentication failed for 'https://github.com/Thomascc123/git-dojo-udea.git/'
EstudianteLIS@lis-ThinkCentre-M720s:~/Documents/proyecto-git$ git pull
remote: Enumerating objects: 5, done.
remote: Counting objects: 100% (5/5), done.
remote: Compressing objects: 100% (2/2), done.
remote: Total 5 (delta 0), reused 0 (delta 0), pack-reused 0
Unpacking objects: 100% (5/5), 1.19 KiB | 1.19 MiB/s, done.
From https://github.com/Thomascc123/git-dojo-udea
 * [new branch]      main       -> origin/main
There is no tracking information for the current branch.
Please specify which branch you want to merge with.
See git-pull(1) for details.

    git pull <remote> <branch>

If you wish to set tracking information for this branch you can do so with:

    git branch --set-upstream-to=origin/<branch> main

EstudianteLIS@lis-ThinkCentre-M720s:~/Documents/proyecto-git$ git pull origin main
From https://github.com/Thomascc123/git-dojo-udea
 * branch            main       -> FETCH_HEAD
hint: You have divergent branches and need to specify how to reconcile them.
hint: You can do so by running one of the following commands sometime before
hint: your next pull:
hint: 
hint:   git config pull.rebase false  # merge
hint:   git config pull.rebase true   # rebase
hint:   git config pull.ff only       # fast-forward only
hint: 
hint: You can replace "git config" with "git config --global" to set a default
hint: preference for all repositories. You can also pass --rebase, --no-rebase,
hint: or --ff-only on the command line to override the configured default per
hint: invocation.
fatal: Need to specify how to reconcile divergent branches.
EstudianteLIS@lis-ThinkCentre-M720s:~/Documents/proyecto-git$ git config pull.rebase false
EstudianteLIS@lis-ThinkCentre-M720s:~/Documents/proyecto-git$ git status
On branch main
nothing to commit, working tree clean
EstudianteLIS@lis-ThinkCentre-M720s:~/Documents/proyecto-git$ ^C
EstudianteLIS@lis-ThinkCentre-M720s:~/Documents/proyecto-git$ 
